ARM Linker, RVCT4.0 [Build 524] for uVision [Evaluation]

==============================================================================

Section Cross References

    test1.o(.text) refers (Special) to _printf_f.o(.ARM.Collect$$_printf_percent$$00000003) for _printf_f
    test1.o(.text) refers (Special) to printf1.o(x$fpl$printf1) for _printf_fp_dec
    test1.o(.text) refers (Special) to _printf_percent.o(.ARM.Collect$$_printf_percent$$00000000) for _printf_percent
    test1.o(.text) refers (Special) to _printf_pad.o(.text) for _printf_pre_padding
    test1.o(.text) refers to ocf_lpc176x_lib.o(.text) for initTimer0
    test1.o(.text) refers to an_lcd.o(.text) for lcd_init
    test1.o(.text) refers to dflt_clz.o(x$fpl$dflt) for __aeabi_i2d
    test1.o(.text) refers to dmul.o(x$fpl$dmul) for __aeabi_dmul
    test1.o(.text) refers to ddiv.o(x$fpl$ddiv) for __aeabi_ddiv
    test1.o(.text) refers to d2f.o(x$fpl$d2f) for __aeabi_d2f
    test1.o(.text) refers to f2d.o(x$fpl$f2d) for __aeabi_f2d
    test1.o(.text) refers to noretval__2sprintf.o(.text) for __2sprintf
    test1.o(.text) refers to test1.o(.constdata) for .constdata
    test1.o(.text) refers to an_lcd.o(.data) for temp1
    test1.o(.constdata) refers (Special) to _printf_f.o(.ARM.Collect$$_printf_percent$$00000003) for _printf_f
    test1.o(.constdata) refers (Special) to printf1.o(x$fpl$printf1) for _printf_fp_dec
    test1.o(.constdata) refers (Special) to _printf_percent.o(.ARM.Collect$$_printf_percent$$00000000) for _printf_percent
    test1.o(.constdata) refers (Special) to _printf_pad.o(.text) for _printf_pre_padding
    an_lcd.o(.text) refers to an_lcd.o(.data) for temp2
    __2sprintf.o(.text) refers to _printf_char_common.o(.text) for _printf_char_common
    __2sprintf.o(.text) refers to _sputc.o(.text) for _sputc
    noretval__2sprintf.o(.text) refers to _printf_char_common.o(.text) for _printf_char_common
    noretval__2sprintf.o(.text) refers to _sputc.o(.text) for _sputc
    __printf.o(.text) refers to _printf_percent.o(.ARM.Collect$$_printf_percent$$00000000) for _printf_percent
    __printf_flags.o(.text) refers to _printf_percent.o(.ARM.Collect$$_printf_percent$$00000000) for _printf_percent
    __printf_flags.o(.text) refers to __printf_flags.o(.constdata) for .constdata
    __printf_ss.o(.text) refers to _printf_percent.o(.ARM.Collect$$_printf_percent$$00000000) for _printf_percent
    __printf_flags_ss.o(.text) refers to _printf_percent.o(.ARM.Collect$$_printf_percent$$00000000) for _printf_percent
    __printf_flags_ss.o(.text) refers to __printf_flags_ss.o(.constdata) for .constdata
    __printf_wp.o(.text) refers to _printf_percent.o(.ARM.Collect$$_printf_percent$$00000000) for _printf_percent
    __printf_flags_wp.o(.text) refers to _printf_percent.o(.ARM.Collect$$_printf_percent$$00000000) for _printf_percent
    __printf_flags_wp.o(.text) refers to __printf_flags_wp.o(.constdata) for .constdata
    __printf_ss_wp.o(.text) refers to _printf_percent.o(.ARM.Collect$$_printf_percent$$00000000) for _printf_percent
    __printf_flags_ss_wp.o(.text) refers to _printf_percent.o(.ARM.Collect$$_printf_percent$$00000000) for _printf_percent
    __printf_flags_ss_wp.o(.text) refers to __printf_flags_ss_wp.o(.constdata) for .constdata
    _printf_f.o(.ARM.Collect$$_printf_percent$$00000003) refers (Weak) to printf1.o(x$fpl$printf1) for _printf_fp_dec
    _printf_percent.o(.ARM.Collect$$_printf_percent$$00000000) refers (Special) to _printf_percent_end.o(.ARM.Collect$$_printf_percent$$00000017) for _printf_percent_end
    __main.o(!!!main) refers to rtentry.o(.ARM.Collect$$rtentry$$00000000) for __rt_entry
    d2f.o(x$fpl$d2f) refers (Special) to usenofp.o(x$fpl$usenofp) for __I$use$fp
    d2f.o(x$fpl$d2f) refers (Special) to funder.o(x$fpl$funder) for __funder
    d2f.o(x$fpl$d2f) refers to dcheck1.o(x$fpl$dcheck1) for __fpl_dcheck_NaN1
    ddiv.o(x$fpl$drdiv) refers (Special) to usenofp.o(x$fpl$usenofp) for __I$use$fp
    ddiv.o(x$fpl$drdiv) refers (Special) to dunder.o(x$fpl$dunder) for __dunder
    ddiv.o(x$fpl$drdiv) refers to ddiv.o(x$fpl$ddiv) for ddiv_entry
    ddiv.o(x$fpl$ddiv) refers (Special) to usenofp.o(x$fpl$usenofp) for __I$use$fp
    ddiv.o(x$fpl$ddiv) refers (Special) to dunder.o(x$fpl$dunder) for __dunder
    ddiv.o(x$fpl$ddiv) refers to dcheck.o(x$fpl$dcheck) for __fpl_dcheck_NaN2
    dflt_clz.o(x$fpl$dfltu) refers (Special) to usenofp.o(x$fpl$usenofp) for __I$use$fp
    dflt_clz.o(x$fpl$dfltu) refers to dflt_clz.o(x$fpl$dflt) for __dflt_normalise
    dflt_clz.o(x$fpl$dflt) refers (Special) to usenofp.o(x$fpl$usenofp) for __I$use$fp
    dmul.o(x$fpl$dmul) refers (Special) to usenofp.o(x$fpl$usenofp) for __I$use$fp
    dmul.o(x$fpl$dmul) refers (Special) to dunder.o(x$fpl$dunder) for __dunder
    dmul.o(x$fpl$dmul) refers to dcheck.o(x$fpl$dcheck) for __fpl_dcheck_NaN2
    f2d.o(x$fpl$f2d) refers (Special) to usenofp.o(x$fpl$usenofp) for __I$use$fp
    f2d.o(x$fpl$f2d) refers (Special) to dflt_clz.o(x$fpl$dflt) for __dflt_normalise
    f2d.o(x$fpl$f2d) refers to fcheck1.o(x$fpl$fcheck1) for __fpl_fcheck_NaN1
    printf1.o(x$fpl$printf1) refers to _printf_fp_dec.o(.text) for _printf_fp_dec_real
    rtentry.o(.ARM.Collect$$rtentry$$00000000) refers (Special) to rtentry2.o(.ARM.Collect$$rtentry$$0000000A) for __rt_entry_li
    rtentry.o(.ARM.Collect$$rtentry$$00000000) refers (Special) to rtentry2.o(.ARM.Collect$$rtentry$$0000000D) for __rt_entry_main
    rtentry.o(.ARM.Collect$$rtentry$$00000000) refers (Special) to rtentry2.o(.ARM.Collect$$rtentry$$0000000C) for __rt_entry_postli_1
    rtentry.o(.ARM.Collect$$rtentry$$00000000) refers (Special) to rtentry2.o(.ARM.Collect$$rtentry$$00000009) for __rt_entry_postsh_1
    rtentry.o(.ARM.Collect$$rtentry$$00000000) refers (Special) to rtentry2.o(.ARM.Collect$$rtentry$$00000002) for __rt_entry_presh_1
    rtentry.o(.ARM.Collect$$rtentry$$00000000) refers (Special) to rtentry4.o(.ARM.Collect$$rtentry$$00000004) for __rt_entry_sh
    rtentry.o(.ARM.exidx) refers (Special) to rtentry2.o(.ARM.Collect$$rtentry$$0000000A) for __rt_entry_li
    rtentry.o(.ARM.exidx) refers (Special) to rtentry2.o(.ARM.Collect$$rtentry$$0000000D) for __rt_entry_main
    rtentry.o(.ARM.exidx) refers (Special) to rtentry2.o(.ARM.Collect$$rtentry$$0000000C) for __rt_entry_postli_1
    rtentry.o(.ARM.exidx) refers (Special) to rtentry2.o(.ARM.Collect$$rtentry$$00000009) for __rt_entry_postsh_1
    rtentry.o(.ARM.exidx) refers (Special) to rtentry2.o(.ARM.Collect$$rtentry$$00000002) for __rt_entry_presh_1
    rtentry.o(.ARM.exidx) refers (Special) to rtentry4.o(.ARM.Collect$$rtentry$$00000004) for __rt_entry_sh
    rtentry.o(.ARM.exidx) refers to rtentry.o(.ARM.Collect$$rtentry$$00000000) for .ARM.Collect$$rtentry$$00000000
    _printf_fp_dec.o(.text) refers (Special) to usenofp.o(x$fpl$usenofp) for __I$use$fp
    _printf_fp_dec.o(.text) refers (Special) to lc_numeric_c.o(locale$$code) for _get_lc_numeric
    _printf_fp_dec.o(.text) refers to bigflt0.o(.text) for _btod_etento
    _printf_fp_dec.o(.text) refers to btod.o(CL$$btod_d2e) for _btod_d2e
    _printf_fp_dec.o(.text) refers to btod.o(CL$$btod_ediv) for _btod_ediv
    _printf_fp_dec.o(.text) refers to btod.o(CL$$btod_emul) for _btod_emul
    _printf_fp_dec.o(.text) refers to lludiv10.o(.text) for _ll_udiv10
    _printf_fp_dec.o(.text) refers to fpclassify.o(i.__ARM_fpclassify) for __ARM_fpclassify
    _printf_fp_dec.o(.text) refers to _printf_fp_infnan.o(.text) for _printf_fp_infnan
    _printf_fp_dec.o(.text) refers to rtudiv10.o(.text) for __rt_udiv10
    _printf_fp_dec.o(.text) refers (Weak) to _printf_pad.o(.text) for _printf_pre_padding
    _printf_fp_dec.o(.text) refers (Weak) to _printf_pad.o(.text) for _printf_pre_padding
    _printf_fp_dec.o(.text) refers to rt_locale_intlibspace.o(.text) for __rt_locale
    _printf_fp_dec.o(.text) refers (Weak) to _printf_pad.o(.text) for _printf_post_padding
    _printf_char_common.o(.text) refers to __printf_wp.o(.text) for __printf
    dcheck.o(x$fpl$dcheck) refers (Special) to usenofp.o(x$fpl$usenofp) for __I$use$fp
    dcheck.o(x$fpl$dcheck) refers to retnan.o(x$fpl$retnan) for __fpl_return_NaN
    dcheck1.o(x$fpl$dcheck1) refers (Special) to usenofp.o(x$fpl$usenofp) for __I$use$fp
    dcheck1.o(x$fpl$dcheck1) refers to retnan.o(x$fpl$retnan) for __fpl_return_NaN
    dunder.o(x$fpl$dunder) refers (Special) to usenofp.o(x$fpl$usenofp) for __I$use$fp
    fcheck1.o(x$fpl$fcheck1) refers (Special) to usenofp.o(x$fpl$usenofp) for __I$use$fp
    fcheck1.o(x$fpl$fcheck1) refers to retnan.o(x$fpl$retnan) for __fpl_return_NaN
    funder.o(x$fpl$funder) refers (Special) to usenofp.o(x$fpl$usenofp) for __I$use$fp
    rtentry2.o(.ARM.Collect$$rtentry$$00000008) refers to boardinit2.o(.text) for _platform_post_stackheap_init
    rtentry2.o(.ARM.Collect$$rtentry$$0000000A) refers to libinit.o(.ARM.Collect$$libinit$$00000000) for __rt_lib_init
    rtentry2.o(.ARM.Collect$$rtentry$$0000000B) refers to boardinit3.o(.text) for _platform_post_lib_init
    rtentry2.o(.ARM.Collect$$rtentry$$0000000D) refers to test1.o(.text) for main
    rtentry2.o(.ARM.Collect$$rtentry$$0000000D) refers to exit.o(.text) for exit
    rtentry2.o(.ARM.exidx) refers to rtentry2.o(.ARM.Collect$$rtentry$$00000001) for .ARM.Collect$$rtentry$$00000001
    rtentry2.o(.ARM.exidx) refers to rtentry2.o(.ARM.Collect$$rtentry$$00000002) for .ARM.Collect$$rtentry$$00000002
    rtentry2.o(.ARM.exidx) refers to rtentry2.o(.ARM.Collect$$rtentry$$00000008) for .ARM.Collect$$rtentry$$00000008
    rtentry2.o(.ARM.exidx) refers to rtentry2.o(.ARM.Collect$$rtentry$$00000009) for .ARM.Collect$$rtentry$$00000009
    rtentry2.o(.ARM.exidx) refers to rtentry2.o(.ARM.Collect$$rtentry$$0000000A) for .ARM.Collect$$rtentry$$0000000A
    rtentry2.o(.ARM.exidx) refers to rtentry2.o(.ARM.Collect$$rtentry$$0000000B) for .ARM.Collect$$rtentry$$0000000B
    rtentry2.o(.ARM.exidx) refers to rtentry2.o(.ARM.Collect$$rtentry$$0000000C) for .ARM.Collect$$rtentry$$0000000C
    rtentry2.o(.ARM.exidx) refers to rtentry2.o(.ARM.Collect$$rtentry$$0000000D) for .ARM.Collect$$rtentry$$0000000D
    rtentry4.o(.ARM.Collect$$rtentry$$00000004) refers to sys_stackheap_outer.o(.text) for __user_setup_stackheap
    rtentry4.o(.ARM.exidx) refers to rtentry4.o(.ARM.Collect$$rtentry$$00000004) for .ARM.Collect$$rtentry$$00000004
    rt_locale.o(.text) refers to rt_locale.o(.bss) for __rt_locale_data
    rt_locale_intlibspace.o(.text) refers to libspace.o(.bss) for __libspace_start
    _printf_fp_infnan.o(.text) refers (Weak) to _printf_pad.o(.text) for _printf_pre_padding
    _printf_fp_infnan.o(.text) refers (Weak) to _printf_pad.o(.text) for _printf_post_padding
    bigflt0.o(.text) refers (Special) to usenofp.o(x$fpl$usenofp) for __I$use$fp
    bigflt0.o(.text) refers to btod.o(CL$$btod_emul) for _btod_emul
    bigflt0.o(.text) refers to btod.o(CL$$btod_ediv) for _btod_ediv
    bigflt0.o(.text) refers to bigflt0.o(.constdata) for .constdata
    bigflt0.o(.constdata) refers (Special) to usenofp.o(x$fpl$usenofp) for __I$use$fp
    btod.o(CL$$btod_d2e) refers (Special) to usenofp.o(x$fpl$usenofp) for __I$use$fp
    btod.o(CL$$btod_d2e) refers to btod.o(CL$$btod_d2e_norm_op1) for _d2e_norm_op1
    btod.o(CL$$btod_d2e_norm_op1) refers (Special) to usenofp.o(x$fpl$usenofp) for __I$use$fp
    btod.o(CL$$btod_d2e_norm_op1) refers to btod.o(CL$$btod_d2e_denorm_low) for _d2e_denorm_low
    btod.o(CL$$btod_d2e_denorm_low) refers (Special) to usenofp.o(x$fpl$usenofp) for __I$use$fp
    btod.o(CL$$btod_emul) refers (Special) to usenofp.o(x$fpl$usenofp) for __I$use$fp
    btod.o(CL$$btod_emul) refers to btod.o(CL$$btod_mult_common) for __btod_mult_common
    btod.o(CL$$btod_emul) refers to btod.o(CL$$btod_e2e) for _e2e
    btod.o(CL$$btod_ediv) refers (Special) to usenofp.o(x$fpl$usenofp) for __I$use$fp
    btod.o(CL$$btod_ediv) refers to btod.o(CL$$btod_div_common) for __btod_div_common
    btod.o(CL$$btod_ediv) refers to btod.o(CL$$btod_e2e) for _e2e
    btod.o(CL$$btod_emuld) refers (Special) to usenofp.o(x$fpl$usenofp) for __I$use$fp
    btod.o(CL$$btod_emuld) refers to btod.o(CL$$btod_mult_common) for __btod_mult_common
    btod.o(CL$$btod_emuld) refers to btod.o(CL$$btod_e2d) for _e2d
    btod.o(CL$$btod_edivd) refers (Special) to usenofp.o(x$fpl$usenofp) for __I$use$fp
    btod.o(CL$$btod_edivd) refers to btod.o(CL$$btod_div_common) for __btod_div_common
    btod.o(CL$$btod_edivd) refers to btod.o(CL$$btod_e2d) for _e2d
    btod.o(CL$$btod_e2e) refers (Special) to usenofp.o(x$fpl$usenofp) for __I$use$fp
    btod.o(CL$$btod_e2d) refers (Special) to usenofp.o(x$fpl$usenofp) for __I$use$fp
    btod.o(CL$$btod_e2d) refers to btod.o(CL$$btod_e2e) for _e2e
    btod.o(CL$$btod_mult_common) refers (Special) to usenofp.o(x$fpl$usenofp) for __I$use$fp
    btod.o(CL$$btod_div_common) refers (Special) to usenofp.o(x$fpl$usenofp) for __I$use$fp
    lc_numeric_c.o(locale$$data) refers (Special) to libinit2.o(.ARM.Collect$$libinit$$00000012) for __rt_lib_init_lc_numeric_2
    lc_numeric_c.o(locale$$code) refers (Special) to libinit2.o(.ARM.Collect$$libinit$$00000012) for __rt_lib_init_lc_numeric_2
    lc_numeric_c.o(locale$$code) refers to strcmpv7m.o(.text) for strcmp
    lc_numeric_c.o(locale$$code) refers to lc_numeric_c.o(locale$$data) for __lcnum_c_name
    istatus.o(x$fpl$ieeestatus) refers (Special) to usenofp.o(x$fpl$usenofp) for __I$use$fp
    retnan.o(x$fpl$retnan) refers (Special) to usenofp.o(x$fpl$usenofp) for __I$use$fp
    retnan.o(x$fpl$retnan) refers to trapv.o(x$fpl$trapveneer) for __fpl_cmpreturn
    fpclassify.o(i.__ARM_fpclassify) refers (Special) to usenofp.o(x$fpl$usenofp) for __I$use$fp
    libspace.o(.text) refers to libspace.o(.bss) for __libspace_start
    sys_stackheap_outer.o(.text) refers to libspace.o(.text) for __user_perproc_libspace
    sys_stackheap_outer.o(.text) refers to startup_LPC17xx.o(.text) for __user_initial_stackheap
    exit.o(.text) refers to rtexit.o(.ARM.Collect$$rtexit$$00000000) for __rt_exit
    libinit.o(.ARM.Collect$$libinit$$00000000) refers (Special) to libinit2.o(.ARM.Collect$$libinit$$0000002A) for __rt_lib_init_alloca_1
    libinit.o(.ARM.Collect$$libinit$$00000000) refers (Special) to libinit2.o(.ARM.Collect$$libinit$$00000028) for __rt_lib_init_argv_1
    libinit.o(.ARM.Collect$$libinit$$00000000) refers (Special) to libinit2.o(.ARM.Collect$$libinit$$00000017) for __rt_lib_init_atexit_1
    libinit.o(.ARM.Collect$$libinit$$00000000) refers (Special) to libinit2.o(.ARM.Collect$$libinit$$0000001D) for __rt_lib_init_clock_1
    libinit.o(.ARM.Collect$$libinit$$00000000) refers (Special) to libinit2.o(.ARM.Collect$$libinit$$0000002E) for __rt_lib_init_cpp_1
    libinit.o(.ARM.Collect$$libinit$$00000000) refers (Special) to libinit2.o(.ARM.Collect$$libinit$$0000002C) for __rt_lib_init_exceptions_1
    libinit.o(.ARM.Collect$$libinit$$00000000) refers (Special) to libinit2.o(.ARM.Collect$$libinit$$0000001B) for __rt_lib_init_fp_trap_1
    libinit.o(.ARM.Collect$$libinit$$00000000) refers (Special) to libinit2.o(.ARM.Collect$$libinit$$0000001F) for __rt_lib_init_getenv_1
    libinit.o(.ARM.Collect$$libinit$$00000000) refers (Special) to libinit2.o(.ARM.Collect$$libinit$$00000006) for __rt_lib_init_heap_1
    libinit.o(.ARM.Collect$$libinit$$00000000) refers (Special) to libinit2.o(.ARM.Collect$$libinit$$0000000D) for __rt_lib_init_lc_collate_1
    libinit.o(.ARM.Collect$$libinit$$00000000) refers (Special) to libinit2.o(.ARM.Collect$$libinit$$0000000F) for __rt_lib_init_lc_ctype_1
    libinit.o(.ARM.Collect$$libinit$$00000000) refers (Special) to libinit2.o(.ARM.Collect$$libinit$$00000011) for __rt_lib_init_lc_monetary_1
    libinit.o(.ARM.Collect$$libinit$$00000000) refers (Special) to libinit2.o(.ARM.Collect$$libinit$$00000013) for __rt_lib_init_lc_numeric_1
    libinit.o(.ARM.Collect$$libinit$$00000000) refers (Special) to libinit2.o(.ARM.Collect$$libinit$$00000015) for __rt_lib_init_lc_time_1
    libinit.o(.ARM.Collect$$libinit$$00000000) refers (Special) to libinit2.o(.ARM.Collect$$libinit$$0000000A) for __rt_lib_init_rand_1
    libinit.o(.ARM.Collect$$libinit$$00000000) refers (Special) to libinit2.o(.ARM.Collect$$libinit$$0000002F) for __rt_lib_init_return
    libinit.o(.ARM.Collect$$libinit$$00000000) refers (Special) to libinit2.o(.ARM.Collect$$libinit$$00000019) for __rt_lib_init_signal_1
    libinit.o(.ARM.Collect$$libinit$$00000000) refers (Special) to libinit2.o(.ARM.Collect$$libinit$$00000021) for __rt_lib_init_stdio_1
    libinit.o(.ARM.Collect$$libinit$$00000000) refers (Special) to libinit2.o(.ARM.Collect$$libinit$$00000008) for __rt_lib_init_user_alloc_1
    libinit2.o(.ARM.Collect$$libinit$$0000000B) refers (Weak) to rt_locale_intlibspace.o(.text) for __rt_locale
    libinit2.o(.ARM.Collect$$libinit$$0000000C) refers to libinit2.o(.ARM.Collect$$libinit$$0000000B) for .ARM.Collect$$libinit$$0000000B
    libinit2.o(.ARM.Collect$$libinit$$0000000E) refers to libinit2.o(.ARM.Collect$$libinit$$0000000B) for .ARM.Collect$$libinit$$0000000B
    libinit2.o(.ARM.Collect$$libinit$$00000010) refers to libinit2.o(.ARM.Collect$$libinit$$0000000B) for .ARM.Collect$$libinit$$0000000B
    libinit2.o(.ARM.Collect$$libinit$$00000012) refers to libinit2.o(.ARM.Collect$$libinit$$0000000B) for .ARM.Collect$$libinit$$0000000B
    libinit2.o(.ARM.Collect$$libinit$$00000012) refers (Weak) to lc_numeric_c.o(locale$$code) for _get_lc_numeric
    libinit2.o(.ARM.Collect$$libinit$$00000014) refers to libinit2.o(.ARM.Collect$$libinit$$0000000B) for .ARM.Collect$$libinit$$0000000B
    libinit2.o(.ARM.Collect$$libinit$$00000022) refers to argv_veneer.o(.emb_text) for __ARM_argv_veneer
    libinit2.o(.ARM.Collect$$libinit$$00000023) refers to argv_veneer.o(.emb_text) for __ARM_argv_veneer
    trapv.o(x$fpl$trapveneer) refers (Special) to usenofp.o(x$fpl$usenofp) for __I$use$fp
    startup_LPC17xx.o(STACK) refers (Special) to heapauxi.o(.text) for __use_two_region_memory
    startup_LPC17xx.o(HEAP) refers (Special) to heapauxi.o(.text) for __use_two_region_memory
    startup_LPC17xx.o(RESET) refers (Special) to heapauxi.o(.text) for __use_two_region_memory
    startup_LPC17xx.o(RESET) refers to startup_LPC17xx.o(STACK) for __initial_sp
    startup_LPC17xx.o(RESET) refers to startup_LPC17xx.o(.text) for Reset_Handler
    startup_LPC17xx.o(.ARM.__at_0x02FC) refers (Special) to heapauxi.o(.text) for __use_two_region_memory
    startup_LPC17xx.o(.text) refers (Special) to heapauxi.o(.text) for __use_two_region_memory
    startup_LPC17xx.o(.text) refers to __main.o(!!!main) for __main
    startup_LPC17xx.o(.text) refers to startup_LPC17xx.o(HEAP) for Heap_Mem
    startup_LPC17xx.o(.text) refers to startup_LPC17xx.o(STACK) for Stack_Mem
    rtexit.o(.ARM.Collect$$rtexit$$00000000) refers (Special) to rtexit2.o(.ARM.Collect$$rtexit$$00000004) for __rt_exit_exit
    rtexit.o(.ARM.Collect$$rtexit$$00000000) refers (Special) to rtexit2.o(.ARM.Collect$$rtexit$$00000003) for __rt_exit_ls
    rtexit.o(.ARM.Collect$$rtexit$$00000000) refers (Special) to rtexit2.o(.ARM.Collect$$rtexit$$00000002) for __rt_exit_prels_1
    rtexit.o(.ARM.exidx) refers (Special) to rtexit2.o(.ARM.Collect$$rtexit$$00000004) for __rt_exit_exit
    rtexit.o(.ARM.exidx) refers (Special) to rtexit2.o(.ARM.Collect$$rtexit$$00000003) for __rt_exit_ls
    rtexit.o(.ARM.exidx) refers (Special) to rtexit2.o(.ARM.Collect$$rtexit$$00000002) for __rt_exit_prels_1
    rtexit.o(.ARM.exidx) refers to rtexit.o(.ARM.Collect$$rtexit$$00000000) for .ARM.Collect$$rtexit$$00000000
    argv_veneer.o(.emb_text) refers to no_argv.o(.text) for __ARM_get_argv
    rtexit2.o(.ARM.Collect$$rtexit$$00000003) refers to libshutdown.o(.ARM.Collect$$libshutdown$$00000000) for __rt_lib_shutdown
    rtexit2.o(.ARM.Collect$$rtexit$$00000004) refers to sys_exit.o(.text) for _sys_exit
    rtexit2.o(.ARM.exidx) refers to rtexit2.o(.ARM.Collect$$rtexit$$00000001) for .ARM.Collect$$rtexit$$00000001
    rtexit2.o(.ARM.exidx) refers to rtexit2.o(.ARM.Collect$$rtexit$$00000002) for .ARM.Collect$$rtexit$$00000002
    rtexit2.o(.ARM.exidx) refers to rtexit2.o(.ARM.Collect$$rtexit$$00000003) for .ARM.Collect$$rtexit$$00000003
    rtexit2.o(.ARM.exidx) refers to rtexit2.o(.ARM.Collect$$rtexit$$00000004) for .ARM.Collect$$rtexit$$00000004
    _get_argv_nomalloc.o(.text) refers (Special) to hrguard.o(.text) for __heap_region$guard
    _get_argv_nomalloc.o(.text) refers to defsig_rtmem_outer.o(.text) for __rt_SIGRTMEM
    _get_argv_nomalloc.o(.text) refers to sys_command.o(.text) for _sys_command_string
    sys_command.o(.text) refers (Special) to use_no_semi.o(.text) for __I$use$semihosting
    sys_exit.o(.text) refers to use_no_semi.o(.text) for __I$use$semihosting
    defsig_rtmem_outer.o(.text) refers to defsig_rtmem_inner.o(.text) for __rt_SIGRTMEM_inner
    defsig_rtmem_outer.o(.text) refers to defsig_exit.o(.text) for __sig_exit
    defsig_rtmem_formal.o(.text) refers to rt_raise.o(.text) for __rt_raise
    libshutdown.o(.ARM.Collect$$libshutdown$$00000000) refers (Special) to libshutdown2.o(.ARM.Collect$$libshutdown$$00000006) for __rt_lib_shutdown_fp_trap_1
    libshutdown.o(.ARM.Collect$$libshutdown$$00000000) refers (Special) to libshutdown2.o(.ARM.Collect$$libshutdown$$0000000E) for __rt_lib_shutdown_heap_1
    libshutdown.o(.ARM.Collect$$libshutdown$$00000000) refers (Special) to libshutdown2.o(.ARM.Collect$$libshutdown$$0000000F) for __rt_lib_shutdown_return
    libshutdown.o(.ARM.Collect$$libshutdown$$00000000) refers (Special) to libshutdown2.o(.ARM.Collect$$libshutdown$$00000009) for __rt_lib_shutdown_signal_1
    libshutdown.o(.ARM.Collect$$libshutdown$$00000000) refers (Special) to libshutdown2.o(.ARM.Collect$$libshutdown$$00000003) for __rt_lib_shutdown_stdio_1
    libshutdown.o(.ARM.Collect$$libshutdown$$00000000) refers (Special) to libshutdown2.o(.ARM.Collect$$libshutdown$$0000000B) for __rt_lib_shutdown_user_alloc_1
    rt_raise.o(.text) refers to __raise.o(.text) for __raise
    rt_raise.o(.text) refers to sys_exit.o(.text) for _sys_exit
    defsig_exit.o(.text) refers to sys_exit.o(.text) for _sys_exit
    defsig_rtmem_inner.o(.text) refers to defsig_general.o(.text) for __default_signal_display
    __raise.o(.text) refers to defsig.o(CL$$defsig) for __default_signal_handler
    defsig_general.o(.text) refers to sys_wrch.o(.text) for _ttywrch
    sys_wrch.o(.text) refers (Special) to use_no_semi.o(.text) for __I$use$semihosting
    defsig.o(CL$$defsig) refers to defsig_rtmem_inner.o(.text) for __rt_SIGRTMEM_inner
    defsig_abrt_inner.o(.text) refers to defsig_general.o(.text) for __default_signal_display
    defsig_fpe_inner.o(.text) refers to defsig_general.o(.text) for __default_signal_display
    defsig_rtred_inner.o(.text) refers to defsig_general.o(.text) for __default_signal_display
    defsig_stak_inner.o(.text) refers to defsig_general.o(.text) for __default_signal_display
    defsig_pvfn_inner.o(.text) refers to defsig_general.o(.text) for __default_signal_display
    defsig_cppl_inner.o(.text) refers to defsig_general.o(.text) for __default_signal_display
    defsig_segv_inner.o(.text) refers to defsig_general.o(.text) for __default_signal_display
    defsig_other.o(.text) refers to defsig_general.o(.text) for __default_signal_display


==============================================================================

Removing Unused input sections from the image.

    Removing ocf_lpc176x_lib.o(.data), (8 bytes).

1 unused section(s) (total 8 bytes) removed from the image.

==============================================================================

Image Symbol Table

    Local Symbols

    Symbol Name                              Value     Ov Type        Size  Object(Section)

    RESET                                    0x00000000   Section      204  startup_LPC17xx.o(RESET)
    ../../angel/boardlib.s                   0x00000000   Number         0  boardinit2.o ABSOLUTE
    ../../angel/boardlib.s                   0x00000000   Number         0  boardinit3.o ABSOLUTE
    ../../angel/boardlib.s                   0x00000000   Number         0  boardshut.o ABSOLUTE
    ../../angel/boardlib.s                   0x00000000   Number         0  boardinit1.o ABSOLUTE
    ../../angel/handlers.s                   0x00000000   Number         0  __scatter_copy.o ABSOLUTE
    ../../angel/handlers.s                   0x00000000   Number         0  __scatter_zi.o ABSOLUTE
    ../../angel/kernel.s                     0x00000000   Number         0  rtexit2.o ABSOLUTE
    ../../angel/kernel.s                     0x00000000   Number         0  rtentry.o ABSOLUTE
    ../../angel/kernel.s                     0x00000000   Number         0  rtexit.o ABSOLUTE
    ../../angel/kernel.s                     0x00000000   Number         0  rtentry4.o ABSOLUTE
    ../../angel/kernel.s                     0x00000000   Number         0  rtentry2.o ABSOLUTE
    ../../angel/rt.s                         0x00000000   Number         0  rt_locale_intlibspace.o ABSOLUTE
    ../../angel/rt.s                         0x00000000   Number         0  rt_locale.o ABSOLUTE
    ../../angel/rt.s                         0x00000000   Number         0  rt_raise.o ABSOLUTE
    ../../angel/scatter.s                    0x00000000   Number         0  __scatter.o ABSOLUTE
    ../../angel/startup.s                    0x00000000   Number         0  __main.o ABSOLUTE
    ../../angel/sys.s                        0x00000000   Number         0  sys_stackheap_outer.o ABSOLUTE
    ../../angel/sys.s                        0x00000000   Number         0  use_no_semi.o ABSOLUTE
    ../../angel/sys.s                        0x00000000   Number         0  libspace.o ABSOLUTE
    ../../angel/sys.s                        0x00000000   Number         0  sys_exit.o ABSOLUTE
    ../../angel/sysapp.c                     0x00000000   Number         0  sys_command.o ABSOLUTE
    ../../angel/sysapp.c                     0x00000000   Number         0  sys_wrch.o ABSOLUTE
    ../../armsys.c                           0x00000000   Number         0  _get_argv_nomalloc.o ABSOLUTE
    ../../armsys.c                           0x00000000   Number         0  argv_veneer.o ABSOLUTE
    ../../armsys.c                           0x00000000   Number         0  argv_veneer.o ABSOLUTE
    ../../armsys.c                           0x00000000   Number         0  no_argv.o ABSOLUTE
    ../../bigflt.c                           0x00000000   Number         0  bigflt0.o ABSOLUTE
    ../../btod.s                             0x00000000   Number         0  btod.o ABSOLUTE
    ../../d2f.s                              0x00000000   Number         0  d2f.o ABSOLUTE
    ../../dcheck.s                           0x00000000   Number         0  dcheck.o ABSOLUTE
    ../../dcheck1.s                          0x00000000   Number         0  dcheck1.o ABSOLUTE
    ../../ddiv.s                             0x00000000   Number         0  ddiv.o ABSOLUTE
    ../../dflt.s                             0x00000000   Number         0  dflt_clz.o ABSOLUTE
    ../../division_7m.s                      0x00000000   Number         0  rtudiv10.o ABSOLUTE
    ../../dmul.s                             0x00000000   Number         0  dmul.o ABSOLUTE
    ../../dunder.s                           0x00000000   Number         0  dunder.o ABSOLUTE
    ../../f2d.s                              0x00000000   Number         0  f2d.o ABSOLUTE
    ../../fcheck1.s                          0x00000000   Number         0  fcheck1.o ABSOLUTE
    ../../fpclassify.c                       0x00000000   Number         0  fpclassify.o ABSOLUTE
    ../../fpinit.s                           0x00000000   Number         0  fpinit.o ABSOLUTE
    ../../funder.s                           0x00000000   Number         0  funder.o ABSOLUTE
    ../../heapalloc.c                        0x00000000   Number         0  hrguard.o ABSOLUTE
    ../../heapaux.c                          0x00000000   Number         0  heapauxi.o ABSOLUTE
    ../../istatus.s                          0x00000000   Number         0  istatus.o ABSOLUTE
    ../../libinit.s                          0x00000000   Number         0  libinit.o ABSOLUTE
    ../../libinit.s                          0x00000000   Number         0  libshutdown.o ABSOLUTE
    ../../libinit.s                          0x00000000   Number         0  libshutdown2.o ABSOLUTE
    ../../libinit.s                          0x00000000   Number         0  libinit2.o ABSOLUTE
    ../../locale.s                           0x00000000   Number         0  lc_numeric_c.o ABSOLUTE
    ../../longlong.s                         0x00000000   Number         0  lludiv10.o ABSOLUTE
    ../../memcpset.s                         0x00000000   Number         0  strcmpv7m.o ABSOLUTE
    ../../misc.s                             0x00000000   Number         0  printf_stubs.o ABSOLUTE
    ../../printf.c                           0x00000000   Number         0  _printf_pad.o ABSOLUTE
    ../../printf.c                           0x00000000   Number         0  _printf_fp_dec.o ABSOLUTE
    ../../printf.c                           0x00000000   Number         0  __printf_ss_wp.o ABSOLUTE
    ../../printf.c                           0x00000000   Number         0  _sputc.o ABSOLUTE
    ../../printf.c                           0x00000000   Number         0  _printf_char_common.o ABSOLUTE
    ../../printf.c                           0x00000000   Number         0  __printf_flags_wp.o ABSOLUTE
    ../../printf.c                           0x00000000   Number         0  _printf_fp_infnan.o ABSOLUTE
    ../../printf.c                           0x00000000   Number         0  __printf_wp.o ABSOLUTE
    ../../printf.c                           0x00000000   Number         0  __printf_flags_ss.o ABSOLUTE
    ../../printf.c                           0x00000000   Number         0  __printf_ss.o ABSOLUTE
    ../../printf.c                           0x00000000   Number         0  __printf_flags.o ABSOLUTE
    ../../printf.c                           0x00000000   Number         0  __printf.o ABSOLUTE
    ../../printf.c                           0x00000000   Number         0  __printf_nopercent.o ABSOLUTE
    ../../printf.c                           0x00000000   Number         0  __printf_flags_ss_wp.o ABSOLUTE
    ../../printf.c                           0x00000000   Number         0  noretval__2sprintf.o ABSOLUTE
    ../../printf.c                           0x00000000   Number         0  __2sprintf.o ABSOLUTE
    ../../printf1.s                          0x00000000   Number         0  printf1.o ABSOLUTE
    ../../printf_percent.s                   0x00000000   Number         0  _printf_percent_end.o ABSOLUTE
    ../../printf_percent.s                   0x00000000   Number         0  _printf_percent.o ABSOLUTE
    ../../printf_percent.s                   0x00000000   Number         0  _printf_f.o ABSOLUTE
    ../../retnan.s                           0x00000000   Number         0  retnan.o ABSOLUTE
    ../../signal.c                           0x00000000   Number         0  defsig_general.o ABSOLUTE
    ../../signal.c                           0x00000000   Number         0  defsig_fpe_inner.o ABSOLUTE
    ../../signal.c                           0x00000000   Number         0  defsig_other.o ABSOLUTE
    ../../signal.c                           0x00000000   Number         0  defsig_rtred_inner.o ABSOLUTE
    ../../signal.c                           0x00000000   Number         0  defsig_stak_inner.o ABSOLUTE
    ../../signal.c                           0x00000000   Number         0  defsig_cppl_inner.o ABSOLUTE
    ../../signal.c                           0x00000000   Number         0  defsig_rtmem_inner.o ABSOLUTE
    ../../signal.c                           0x00000000   Number         0  defsig_exit.o ABSOLUTE
    ../../signal.c                           0x00000000   Number         0  __raise.o ABSOLUTE
    ../../signal.c                           0x00000000   Number         0  defsig_abrt_inner.o ABSOLUTE
    ../../signal.c                           0x00000000   Number         0  defsig_rtmem_formal.o ABSOLUTE
    ../../signal.c                           0x00000000   Number         0  defsig_rtmem_outer.o ABSOLUTE
    ../../signal.c                           0x00000000   Number         0  defsig_segv_inner.o ABSOLUTE
    ../../signal.c                           0x00000000   Number         0  defsig_pvfn_inner.o ABSOLUTE
    ../../signal.s                           0x00000000   Number         0  defsig.o ABSOLUTE
    ../../stdlib.c                           0x00000000   Number         0  exit.o ABSOLUTE
    ../../trapv.s                            0x00000000   Number         0  trapv.o ABSOLUTE
    ../../usenofp.s                          0x00000000   Number         0  usenofp.o ABSOLUTE
    AN_LCD.c                                 0x00000000   Number         0  an_lcd.o ABSOLUTE
    dc.s                                     0x00000000   Number         0  dc.o ABSOLUTE
    ocf_lpc176x_lib.c                        0x00000000   Number         0  ocf_lpc176x_lib.o ABSOLUTE
    startup_LPC17xx.s                        0x00000000   Number         0  startup_LPC17xx.o ABSOLUTE
    test1.c                                  0x00000000   Number         0  test1.o ABSOLUTE
    !!!main                                  0x000000cc   Section        8  __main.o(!!!main)
    !!!scatter                               0x000000d4   Section       52  __scatter.o(!!!scatter)
    !!handler_copy                           0x00000108   Section       26  __scatter_copy.o(!!handler_copy)
    !!handler_zi                             0x00000124   Section       28  __scatter_zi.o(!!handler_zi)
    .ARM.Collect$$_printf_percent$$00000000  0x00000140   Section        0  _printf_percent.o(.ARM.Collect$$_printf_percent$$00000000)
    .ARM.Collect$$_printf_percent$$00000003  0x00000140   Section        6  _printf_f.o(.ARM.Collect$$_printf_percent$$00000003)
    .ARM.Collect$$_printf_percent$$00000017  0x00000146   Section        4  _printf_percent_end.o(.ARM.Collect$$_printf_percent$$00000017)
    .ARM.Collect$$libinit$$00000000          0x0000014a   Section        6  libinit.o(.ARM.Collect$$libinit$$00000000)
    .ARM.Collect$$libinit$$00000006          0x00000150   Section        0  libinit2.o(.ARM.Collect$$libinit$$00000006)
    .ARM.Collect$$libinit$$00000008          0x00000150   Section        0  libinit2.o(.ARM.Collect$$libinit$$00000008)
    .ARM.Collect$$libinit$$0000000A          0x00000150   Section        0  libinit2.o(.ARM.Collect$$libinit$$0000000A)
    .ARM.Collect$$libinit$$0000000B          0x00000150   Section        6  libinit2.o(.ARM.Collect$$libinit$$0000000B)
    .ARM.Collect$$libinit$$0000000D          0x00000156   Section        0  libinit2.o(.ARM.Collect$$libinit$$0000000D)
    .ARM.Collect$$libinit$$0000000F          0x00000156   Section        0  libinit2.o(.ARM.Collect$$libinit$$0000000F)
    .ARM.Collect$$libinit$$00000011          0x00000156   Section        0  libinit2.o(.ARM.Collect$$libinit$$00000011)
    .ARM.Collect$$libinit$$00000012          0x00000156   Section       10  libinit2.o(.ARM.Collect$$libinit$$00000012)
    .ARM.Collect$$libinit$$00000013          0x00000160   Section        0  libinit2.o(.ARM.Collect$$libinit$$00000013)
    .ARM.Collect$$libinit$$00000015          0x00000160   Section        0  libinit2.o(.ARM.Collect$$libinit$$00000015)
    .ARM.Collect$$libinit$$00000017          0x00000160   Section        0  libinit2.o(.ARM.Collect$$libinit$$00000017)
    .ARM.Collect$$libinit$$00000019          0x00000160   Section        0  libinit2.o(.ARM.Collect$$libinit$$00000019)
    .ARM.Collect$$libinit$$0000001B          0x00000160   Section        0  libinit2.o(.ARM.Collect$$libinit$$0000001B)
    .ARM.Collect$$libinit$$0000001D          0x00000160   Section        0  libinit2.o(.ARM.Collect$$libinit$$0000001D)
    .ARM.Collect$$libinit$$0000001F          0x00000160   Section        0  libinit2.o(.ARM.Collect$$libinit$$0000001F)
    .ARM.Collect$$libinit$$00000021          0x00000160   Section        0  libinit2.o(.ARM.Collect$$libinit$$00000021)
    .ARM.Collect$$libinit$$00000028          0x00000160   Section        0  libinit2.o(.ARM.Collect$$libinit$$00000028)
    .ARM.Collect$$libinit$$0000002A          0x00000160   Section        0  libinit2.o(.ARM.Collect$$libinit$$0000002A)
    .ARM.Collect$$libinit$$0000002C          0x00000160   Section        0  libinit2.o(.ARM.Collect$$libinit$$0000002C)
    .ARM.Collect$$libinit$$0000002E          0x00000160   Section        0  libinit2.o(.ARM.Collect$$libinit$$0000002E)
    .ARM.Collect$$libinit$$0000002F          0x00000160   Section        2  libinit2.o(.ARM.Collect$$libinit$$0000002F)
    .ARM.Collect$$libshutdown$$00000000      0x00000162   Section        2  libshutdown.o(.ARM.Collect$$libshutdown$$00000000)
    .ARM.Collect$$libshutdown$$00000003      0x00000164   Section        0  libshutdown2.o(.ARM.Collect$$libshutdown$$00000003)
    .ARM.Collect$$libshutdown$$00000006      0x00000164   Section        0  libshutdown2.o(.ARM.Collect$$libshutdown$$00000006)
    .ARM.Collect$$libshutdown$$00000009      0x00000164   Section        0  libshutdown2.o(.ARM.Collect$$libshutdown$$00000009)
    .ARM.Collect$$libshutdown$$0000000B      0x00000164   Section        0  libshutdown2.o(.ARM.Collect$$libshutdown$$0000000B)
    .ARM.Collect$$libshutdown$$0000000E      0x00000164   Section        0  libshutdown2.o(.ARM.Collect$$libshutdown$$0000000E)
    .ARM.Collect$$libshutdown$$0000000F      0x00000164   Section        2  libshutdown2.o(.ARM.Collect$$libshutdown$$0000000F)
    .ARM.Collect$$rtentry$$00000000          0x00000166   Section        0  rtentry.o(.ARM.Collect$$rtentry$$00000000)
    .ARM.Collect$$rtentry$$00000002          0x00000166   Section        0  rtentry2.o(.ARM.Collect$$rtentry$$00000002)
    .ARM.Collect$$rtentry$$00000004          0x00000166   Section        6  rtentry4.o(.ARM.Collect$$rtentry$$00000004)
    .ARM.Collect$$rtentry$$00000009          0x0000016c   Section        0  rtentry2.o(.ARM.Collect$$rtentry$$00000009)
    .ARM.Collect$$rtentry$$0000000A          0x0000016c   Section        4  rtentry2.o(.ARM.Collect$$rtentry$$0000000A)
    .ARM.Collect$$rtentry$$0000000C          0x00000170   Section        0  rtentry2.o(.ARM.Collect$$rtentry$$0000000C)
    .ARM.Collect$$rtentry$$0000000D          0x00000170   Section        8  rtentry2.o(.ARM.Collect$$rtentry$$0000000D)
    .ARM.Collect$$rtexit$$00000000           0x00000178   Section        0  rtexit.o(.ARM.Collect$$rtexit$$00000000)
    .ARM.Collect$$rtexit$$00000002           0x00000178   Section        0  rtexit2.o(.ARM.Collect$$rtexit$$00000002)
    .ARM.Collect$$rtexit$$00000003           0x00000178   Section        4  rtexit2.o(.ARM.Collect$$rtexit$$00000003)
    .ARM.Collect$$rtexit$$00000004           0x0000017c   Section        4  rtexit2.o(.ARM.Collect$$rtexit$$00000004)
    .text                                    0x00000180   Section      356  test1.o(.text)
    .text                                    0x000002e4   Section       10  _sputc.o(.text)
    .text                                    0x000002f0   Section       12  rt_locale_intlibspace.o(.text)
    .ARM.__at_0x02FC                         0x000002fc   Section        4  startup_LPC17xx.o(.ARM.__at_0x02FC)
    .text                                    0x00000300   Section      508  an_lcd.o(.text)
    .text                                    0x000004fc   Section      268  ocf_lpc176x_lib.o(.text)
    .text                                    0x00000608   Section       40  noretval__2sprintf.o(.text)
    .text                                    0x00000630   Section       76  _printf_pad.o(.text)
    .text                                    0x0000067c   Section      288  __printf_wp.o(.text)
    .text                                    0x0000079c   Section     1096  _printf_fp_dec.o(.text)
    _fp_digits                               0x0000079f   Thumb Code   486  _printf_fp_dec.o(.text)
    .text                                    0x00000be4   Section       48  _printf_char_common.o(.text)
    _printf_input_char                       0x00000be5   Thumb Code    10  _printf_char_common.o(.text)
    .text                                    0x00000c14   Section      138  lludiv10.o(.text)
    .text                                    0x00000ca0   Section      124  _printf_fp_infnan.o(.text)
    .text                                    0x00000d1c   Section      208  bigflt0.o(.text)
    .text                                    0x00000dec   Section       16  rtudiv10.o(.text)
    .text                                    0x00000dfc   Section        8  libspace.o(.text)
    .text                                    0x00000e04   Section       74  sys_stackheap_outer.o(.text)
    .text                                    0x00000e4e   Section       12  exit.o(.text)
    .text                                    0x00000e5c   Section      128  strcmpv7m.o(.text)
    .text                                    0x00000edc   Section       76  startup_LPC17xx.o(.text)
    .text                                    0x00000f28   Section        6  heapauxi.o(.text)
    .text                                    0x00000f30   Section       20  sys_exit.o(.text)
    .text                                    0x00000f44   Section        2  use_no_semi.o(.text)
    CL$$btod_d2e                             0x00000f46   Section       62  btod.o(CL$$btod_d2e)
    CL$$btod_d2e_denorm_low                  0x00000f84   Section       70  btod.o(CL$$btod_d2e_denorm_low)
    CL$$btod_d2e_norm_op1                    0x00000fca   Section       96  btod.o(CL$$btod_d2e_norm_op1)
    CL$$btod_div_common                      0x0000102a   Section      824  btod.o(CL$$btod_div_common)
    CL$$btod_e2e                             0x00001362   Section      198  btod.o(CL$$btod_e2e)
    CL$$btod_ediv                            0x00001428   Section       40  btod.o(CL$$btod_ediv)
    CL$$btod_emul                            0x00001450   Section       40  btod.o(CL$$btod_emul)
    CL$$btod_mult_common                     0x00001478   Section      580  btod.o(CL$$btod_mult_common)
    i.__ARM_fpclassify                       0x000016bc   Section       40  fpclassify.o(i.__ARM_fpclassify)
    locale$$code                             0x000016e4   Section       44  lc_numeric_c.o(locale$$code)
    x$fpl$d2f                                0x00001710   Section      148  d2f.o(x$fpl$d2f)
    x$fpl$dcheck                             0x000017a4   Section       16  dcheck.o(x$fpl$dcheck)
    x$fpl$dcheck1                            0x000017b4   Section       16  dcheck1.o(x$fpl$dcheck1)
    x$fpl$ddiv                               0x000017c4   Section     1024  ddiv.o(x$fpl$ddiv)
    ddiv_entry                               0x000017c7   Thumb Code     0  ddiv.o(x$fpl$ddiv)
    x$fpl$dflt                               0x00001bc4   Section       44  dflt_clz.o(x$fpl$dflt)
    x$fpl$dmul                               0x00001bf0   Section      456  dmul.o(x$fpl$dmul)
    x$fpl$dunder                             0x00001db8   Section      236  dunder.o(x$fpl$dunder)
    x$fpl$f2d                                0x00001ea4   Section       80  f2d.o(x$fpl$f2d)
    x$fpl$fcheck1                            0x00001ef4   Section       12  fcheck1.o(x$fpl$fcheck1)
    x$fpl$funder                             0x00001f00   Section      134  funder.o(x$fpl$funder)
    x$fpl$printf1                            0x00001f86   Section        4  printf1.o(x$fpl$printf1)
    x$fpl$retnan                             0x00001f8a   Section      100  retnan.o(x$fpl$retnan)
    x$fpl$trapveneer                         0x00001fee   Section       48  trapv.o(x$fpl$trapveneer)
    x$fpl$usenofp                            0x0000201e   Section        0  usenofp.o(x$fpl$usenofp)
    .constdata                               0x00002020   Section       11  test1.o(.constdata)
    .constdata                               0x0000202c   Section      148  bigflt0.o(.constdata)
    tenpwrs_x                                0x0000202c   Data          60  bigflt0.o(.constdata)
    tenpwrs_i                                0x00002068   Data          64  bigflt0.o(.constdata)
    locale$$data                             0x000020e0   Section       28  lc_numeric_c.o(locale$$data)
    __lcnum_c_name                           0x000020e4   Data           2  lc_numeric_c.o(locale$$data)
    __lcnum_c_start                          0x000020ec   Data           0  lc_numeric_c.o(locale$$data)
    __lcnum_c_point                          0x000020f8   Data           0  lc_numeric_c.o(locale$$data)
    __lcnum_c_thousands                      0x000020fa   Data           0  lc_numeric_c.o(locale$$data)
    __lcnum_c_grouping                       0x000020fb   Data           0  lc_numeric_c.o(locale$$data)
    __lcnum_c_end                            0x000020fc   Data           0  lc_numeric_c.o(locale$$data)
    .data                                    0x10000000   Section        8  an_lcd.o(.data)
    .bss                                     0x10000008   Section       96  libspace.o(.bss)
    HEAP                                     0x10000068   Section        0  startup_LPC17xx.o(HEAP)
    STACK                                    0x10000068   Section      512  startup_LPC17xx.o(STACK)
    Heap_Mem                                 0x10000068   Data           0  startup_LPC17xx.o(HEAP)
    Stack_Mem                                0x10000068   Data         512  startup_LPC17xx.o(STACK)
    __initial_sp                             0x10000268   Data           0  startup_LPC17xx.o(STACK)

    Global Symbols

    Symbol Name                              Value     Ov Type        Size  Object(Section)

    BuildAttributes$$THM_ISAv4$P$D$K$B$S$PE$A:L22UL41UL21$X:L11$S22US41US21$IEEE1$IW$USESV6$~STKCKD$USESV7$~SHL$OSPACE$ROPI$IEEEJ$EBA8$UX$STANDARDLIB$REQ8$PRES8$EABIv2 0x00000000   Number         0  anon$$obj.o ABSOLUTE
    __ARM_use_no_argv                        0x00000000   Number         0  test1.o ABSOLUTE
    __Vectors                                0x00000000   Data           4  startup_LPC17xx.o(RESET)
    _printf_flags                            0x00000000   Number         0  printf_stubs.o ABSOLUTE
    _printf_return_value                     0x00000000   Number         0  printf_stubs.o ABSOLUTE
    _printf_sizespec                         0x00000000   Number         0  printf_stubs.o ABSOLUTE
    _printf_widthprec                        0x00000000   Number         0  printf_stubs.o ABSOLUTE
    __ARM_exceptions_init                     - Undefined Weak Reference
    __alloca_initialize                       - Undefined Weak Reference
    __cpp_initialize__aeabi_                  - Undefined Weak Reference
    __cxa_finalize                            - Undefined Weak Reference
    __fpl_infinity                            - Undefined Weak Reference
    __sigvec_lookup                           - Undefined Weak Reference
    _atexit_init                              - Undefined Weak Reference
    _call_atexit_fns                          - Undefined Weak Reference
    _clock_init                               - Undefined Weak Reference
    _fp_trap_init                             - Undefined Weak Reference
    _fp_trap_shutdown                         - Undefined Weak Reference
    _get_lc_collate                           - Undefined Weak Reference
    _get_lc_ctype                             - Undefined Weak Reference
    _get_lc_monetary                          - Undefined Weak Reference
    _get_lc_time                              - Undefined Weak Reference
    _getenv_init                              - Undefined Weak Reference
    _handle_redirection                       - Undefined Weak Reference
    _init_alloc                               - Undefined Weak Reference
    _init_user_alloc                          - Undefined Weak Reference
    _initio                                   - Undefined Weak Reference
    _rand_init                                - Undefined Weak Reference
    _signal_finish                            - Undefined Weak Reference
    _signal_init                              - Undefined Weak Reference
    _terminate_alloc                          - Undefined Weak Reference
    _terminate_user_alloc                     - Undefined Weak Reference
    _terminateio                              - Undefined Weak Reference
    __main                                   0x000000cd   Thumb Code     8  __main.o(!!!main)
    __scatterload                            0x000000d5   Thumb Code     0  __scatter.o(!!!scatter)
    __scatterload_rt2                        0x000000d5   Thumb Code    44  __scatter.o(!!!scatter)
    __scatterload_rt2_thumb_only             0x000000d5   Thumb Code     0  __scatter.o(!!!scatter)
    __scatterload_null                       0x000000e3   Thumb Code     0  __scatter.o(!!!scatter)
    __scatterload_copy                       0x00000109   Thumb Code    26  __scatter_copy.o(!!handler_copy)
    __scatterload_zeroinit                   0x00000125   Thumb Code    28  __scatter_zi.o(!!handler_zi)
    _printf_f                                0x00000141   Thumb Code     0  _printf_f.o(.ARM.Collect$$_printf_percent$$00000003)
    _printf_percent                          0x00000141   Thumb Code     0  _printf_percent.o(.ARM.Collect$$_printf_percent$$00000000)
    _printf_percent_end                      0x00000147   Thumb Code     0  _printf_percent_end.o(.ARM.Collect$$_printf_percent$$00000017)
    __rt_lib_init                            0x0000014b   Thumb Code     0  libinit.o(.ARM.Collect$$libinit$$00000000)
    __rt_lib_init_heap_1                     0x00000151   Thumb Code     0  libinit2.o(.ARM.Collect$$libinit$$00000006)
    __rt_lib_init_lc_common                  0x00000151   Thumb Code     0  libinit2.o(.ARM.Collect$$libinit$$0000000B)
    __rt_lib_init_rand_1                     0x00000151   Thumb Code     0  libinit2.o(.ARM.Collect$$libinit$$0000000A)
    __rt_lib_init_user_alloc_1               0x00000151   Thumb Code     0  libinit2.o(.ARM.Collect$$libinit$$00000008)
    __rt_lib_init_lc_collate_1               0x00000157   Thumb Code     0  libinit2.o(.ARM.Collect$$libinit$$0000000D)
    __rt_lib_init_lc_ctype_1                 0x00000157   Thumb Code     0  libinit2.o(.ARM.Collect$$libinit$$0000000F)
    __rt_lib_init_lc_monetary_1              0x00000157   Thumb Code     0  libinit2.o(.ARM.Collect$$libinit$$00000011)
    __rt_lib_init_lc_numeric_2               0x00000157   Thumb Code     0  libinit2.o(.ARM.Collect$$libinit$$00000012)
    __rt_lib_init_alloca_1                   0x00000161   Thumb Code     0  libinit2.o(.ARM.Collect$$libinit$$0000002A)
    __rt_lib_init_argv_1                     0x00000161   Thumb Code     0  libinit2.o(.ARM.Collect$$libinit$$00000028)
    __rt_lib_init_atexit_1                   0x00000161   Thumb Code     0  libinit2.o(.ARM.Collect$$libinit$$00000017)
    __rt_lib_init_clock_1                    0x00000161   Thumb Code     0  libinit2.o(.ARM.Collect$$libinit$$0000001D)
    __rt_lib_init_cpp_1                      0x00000161   Thumb Code     0  libinit2.o(.ARM.Collect$$libinit$$0000002E)
    __rt_lib_init_exceptions_1               0x00000161   Thumb Code     0  libinit2.o(.ARM.Collect$$libinit$$0000002C)
    __rt_lib_init_fp_trap_1                  0x00000161   Thumb Code     0  libinit2.o(.ARM.Collect$$libinit$$0000001B)
    __rt_lib_init_getenv_1                   0x00000161   Thumb Code     0  libinit2.o(.ARM.Collect$$libinit$$0000001F)
    __rt_lib_init_lc_numeric_1               0x00000161   Thumb Code     0  libinit2.o(.ARM.Collect$$libinit$$00000013)
    __rt_lib_init_lc_time_1                  0x00000161   Thumb Code     0  libinit2.o(.ARM.Collect$$libinit$$00000015)
    __rt_lib_init_return                     0x00000161   Thumb Code     0  libinit2.o(.ARM.Collect$$libinit$$0000002F)
    __rt_lib_init_signal_1                   0x00000161   Thumb Code     0  libinit2.o(.ARM.Collect$$libinit$$00000019)
    __rt_lib_init_stdio_1                    0x00000161   Thumb Code     0  libinit2.o(.ARM.Collect$$libinit$$00000021)
    __rt_lib_shutdown                        0x00000163   Thumb Code     0  libshutdown.o(.ARM.Collect$$libshutdown$$00000000)
    __rt_lib_shutdown_fp_trap_1              0x00000165   Thumb Code     0  libshutdown2.o(.ARM.Collect$$libshutdown$$00000006)
    __rt_lib_shutdown_heap_1                 0x00000165   Thumb Code     0  libshutdown2.o(.ARM.Collect$$libshutdown$$0000000E)
    __rt_lib_shutdown_return                 0x00000165   Thumb Code     0  libshutdown2.o(.ARM.Collect$$libshutdown$$0000000F)
    __rt_lib_shutdown_signal_1               0x00000165   Thumb Code     0  libshutdown2.o(.ARM.Collect$$libshutdown$$00000009)
    __rt_lib_shutdown_stdio_1                0x00000165   Thumb Code     0  libshutdown2.o(.ARM.Collect$$libshutdown$$00000003)
    __rt_lib_shutdown_user_alloc_1           0x00000165   Thumb Code     0  libshutdown2.o(.ARM.Collect$$libshutdown$$0000000B)
    __rt_entry                               0x00000167   Thumb Code     0  rtentry.o(.ARM.Collect$$rtentry$$00000000)
    __rt_entry_presh_1                       0x00000167   Thumb Code     0  rtentry2.o(.ARM.Collect$$rtentry$$00000002)
    __rt_entry_sh                            0x00000167   Thumb Code     0  rtentry4.o(.ARM.Collect$$rtentry$$00000004)
    __rt_entry_li                            0x0000016d   Thumb Code     0  rtentry2.o(.ARM.Collect$$rtentry$$0000000A)
    __rt_entry_postsh_1                      0x0000016d   Thumb Code     0  rtentry2.o(.ARM.Collect$$rtentry$$00000009)
    __rt_entry_main                          0x00000171   Thumb Code     0  rtentry2.o(.ARM.Collect$$rtentry$$0000000D)
    __rt_entry_postli_1                      0x00000171   Thumb Code     0  rtentry2.o(.ARM.Collect$$rtentry$$0000000C)
    __rt_exit                                0x00000179   Thumb Code     0  rtexit.o(.ARM.Collect$$rtexit$$00000000)
    __rt_exit_ls                             0x00000179   Thumb Code     0  rtexit2.o(.ARM.Collect$$rtexit$$00000003)
    __rt_exit_prels_1                        0x00000179   Thumb Code     0  rtexit2.o(.ARM.Collect$$rtexit$$00000002)
    __rt_exit_exit                           0x0000017d   Thumb Code     0  rtexit2.o(.ARM.Collect$$rtexit$$00000004)
    main                                     0x00000181   Thumb Code   304  test1.o(.text)
    _sputc                                   0x000002e5   Thumb Code    10  _sputc.o(.text)
    __rt_locale                              0x000002f1   Thumb Code    12  rt_locale_intlibspace.o(.text)
    delay_lcd                                0x00000301   Thumb Code    12  an_lcd.o(.text)
    clear_ports                              0x0000030d   Thumb Code    18  an_lcd.o(.text)
    wr_cn                                    0x0000031f   Thumb Code    36  an_lcd.o(.text)
    lcd_com                                  0x00000343   Thumb Code    60  an_lcd.o(.text)
    lcd_init                                 0x0000037f   Thumb Code   210  an_lcd.o(.text)
    wr_dn                                    0x00000451   Thumb Code    36  an_lcd.o(.text)
    lcd_data                                 0x00000475   Thumb Code    60  an_lcd.o(.text)
    clr_disp                                 0x000004b1   Thumb Code    22  an_lcd.o(.text)
    lcd_puts                                 0x000004c7   Thumb Code    42  an_lcd.o(.text)
    U0Write                                  0x000004fd   Thumb Code    48  ocf_lpc176x_lib.o(.text)
    fputc                                    0x0000052d   Thumb Code    16  ocf_lpc176x_lib.o(.text)
    U0Read                                   0x0000053d   Thumb Code    18  ocf_lpc176x_lib.o(.text)
    fgetc                                    0x0000054f   Thumb Code    20  ocf_lpc176x_lib.o(.text)
    initUART0                                0x00000563   Thumb Code    58  ocf_lpc176x_lib.o(.text)
    initTimer0                               0x0000059d   Thumb Code    18  ocf_lpc176x_lib.o(.text)
    startTimer0                              0x000005af   Thumb Code    14  ocf_lpc176x_lib.o(.text)
    stopTimer0                               0x000005bd   Thumb Code    14  ocf_lpc176x_lib.o(.text)
    delayUS                                  0x000005cb   Thumb Code    34  ocf_lpc176x_lib.o(.text)
    delayMS                                  0x000005ed   Thumb Code    18  ocf_lpc176x_lib.o(.text)
    __2sprintf                               0x00000609   Thumb Code    34  noretval__2sprintf.o(.text)
    _printf_pre_padding                      0x00000631   Thumb Code    42  _printf_pad.o(.text)
    _printf_post_padding                     0x0000065b   Thumb Code    34  _printf_pad.o(.text)
    __printf                                 0x0000067d   Thumb Code   288  __printf_wp.o(.text)
    __lib_sel_fp_printf                      0x0000079d   Thumb Code     2  _printf_fp_dec.o(.text)
    _printf_fp_dec_real                      0x00000985   Thumb Code   608  _printf_fp_dec.o(.text)
    _printf_char_common                      0x00000bef   Thumb Code    34  _printf_char_common.o(.text)
    _ll_udiv10                               0x00000c15   Thumb Code   138  lludiv10.o(.text)
    _printf_fp_infnan                        0x00000ca1   Thumb Code   108  _printf_fp_infnan.o(.text)
    _btod_etento                             0x00000d1d   Thumb Code   202  bigflt0.o(.text)
    __rt_udiv10                              0x00000ded   Thumb Code    16  rtudiv10.o(.text)
    __user_libspace                          0x00000dfd   Thumb Code     8  libspace.o(.text)
    __user_perproc_libspace                  0x00000dfd   Thumb Code     0  libspace.o(.text)
    __user_perthread_libspace                0x00000dfd   Thumb Code     0  libspace.o(.text)
    __user_setup_stackheap                   0x00000e05   Thumb Code    74  sys_stackheap_outer.o(.text)
    exit                                     0x00000e4f   Thumb Code    12  exit.o(.text)
    strcmp                                   0x00000e5d   Thumb Code   128  strcmpv7m.o(.text)
    Reset_Handler                            0x00000edd   Thumb Code    20  startup_LPC17xx.o(.text)
    NMI_Handler                              0x00000ef1   Thumb Code     2  startup_LPC17xx.o(.text)
    HardFault_Handler                        0x00000ef3   Thumb Code     2  startup_LPC17xx.o(.text)
    MemManage_Handler                        0x00000ef5   Thumb Code     2  startup_LPC17xx.o(.text)
    BusFault_Handler                         0x00000ef7   Thumb Code     2  startup_LPC17xx.o(.text)
    UsageFault_Handler                       0x00000ef9   Thumb Code     2  startup_LPC17xx.o(.text)
    SVC_Handler                              0x00000efb   Thumb Code     2  startup_LPC17xx.o(.text)
    DebugMon_Handler                         0x00000efd   Thumb Code     2  startup_LPC17xx.o(.text)
    PendSV_Handler                           0x00000eff   Thumb Code     2  startup_LPC17xx.o(.text)
    SysTick_Handler                          0x00000f01   Thumb Code     2  startup_LPC17xx.o(.text)
    ADC_IRQHandler                           0x00000f03   Thumb Code     0  startup_LPC17xx.o(.text)
    BOD_IRQHandler                           0x00000f03   Thumb Code     0  startup_LPC17xx.o(.text)
    CANActivity_IRQHandler                   0x00000f03   Thumb Code     0  startup_LPC17xx.o(.text)
    CAN_IRQHandler                           0x00000f03   Thumb Code     0  startup_LPC17xx.o(.text)
    DMA_IRQHandler                           0x00000f03   Thumb Code     0  startup_LPC17xx.o(.text)
    EINT0_IRQHandler                         0x00000f03   Thumb Code     0  startup_LPC17xx.o(.text)
    EINT1_IRQHandler                         0x00000f03   Thumb Code     0  startup_LPC17xx.o(.text)
    EINT2_IRQHandler                         0x00000f03   Thumb Code     0  startup_LPC17xx.o(.text)
    EINT3_IRQHandler                         0x00000f03   Thumb Code     0  startup_LPC17xx.o(.text)
    ENET_IRQHandler                          0x00000f03   Thumb Code     0  startup_LPC17xx.o(.text)
    I2C0_IRQHandler                          0x00000f03   Thumb Code     0  startup_LPC17xx.o(.text)
    I2C1_IRQHandler                          0x00000f03   Thumb Code     0  startup_LPC17xx.o(.text)
    I2C2_IRQHandler                          0x00000f03   Thumb Code     0  startup_LPC17xx.o(.text)
    I2S_IRQHandler                           0x00000f03   Thumb Code     0  startup_LPC17xx.o(.text)
    MCPWM_IRQHandler                         0x00000f03   Thumb Code     0  startup_LPC17xx.o(.text)
    PLL0_IRQHandler                          0x00000f03   Thumb Code     0  startup_LPC17xx.o(.text)
    PLL1_IRQHandler                          0x00000f03   Thumb Code     0  startup_LPC17xx.o(.text)
    PWM1_IRQHandler                          0x00000f03   Thumb Code     0  startup_LPC17xx.o(.text)
    QEI_IRQHandler                           0x00000f03   Thumb Code     0  startup_LPC17xx.o(.text)
    RIT_IRQHandler                           0x00000f03   Thumb Code     0  startup_LPC17xx.o(.text)
    RTC_IRQHandler                           0x00000f03   Thumb Code     0  startup_LPC17xx.o(.text)
    SPI_IRQHandler                           0x00000f03   Thumb Code     0  startup_LPC17xx.o(.text)
    SSP0_IRQHandler                          0x00000f03   Thumb Code     0  startup_LPC17xx.o(.text)
    SSP1_IRQHandler                          0x00000f03   Thumb Code     0  startup_LPC17xx.o(.text)
    TIMER0_IRQHandler                        0x00000f03   Thumb Code     0  startup_LPC17xx.o(.text)
    TIMER1_IRQHandler                        0x00000f03   Thumb Code     0  startup_LPC17xx.o(.text)
    TIMER2_IRQHandler                        0x00000f03   Thumb Code     0  startup_LPC17xx.o(.text)
    TIMER3_IRQHandler                        0x00000f03   Thumb Code     0  startup_LPC17xx.o(.text)
    UART0_IRQHandler                         0x00000f03   Thumb Code     0  startup_LPC17xx.o(.text)
    UART1_IRQHandler                         0x00000f03   Thumb Code     0  startup_LPC17xx.o(.text)
    UART2_IRQHandler                         0x00000f03   Thumb Code     0  startup_LPC17xx.o(.text)
    UART3_IRQHandler                         0x00000f03   Thumb Code     0  startup_LPC17xx.o(.text)
    USBActivity_IRQHandler                   0x00000f03   Thumb Code     0  startup_LPC17xx.o(.text)
    USB_IRQHandler                           0x00000f03   Thumb Code     0  startup_LPC17xx.o(.text)
    WDT_IRQHandler                           0x00000f03   Thumb Code     0  startup_LPC17xx.o(.text)
    __user_initial_stackheap                 0x00000f05   Thumb Code     0  startup_LPC17xx.o(.text)
    __use_two_region_memory                  0x00000f29   Thumb Code     2  heapauxi.o(.text)
    __rt_heap_escrow$2region                 0x00000f2b   Thumb Code     2  heapauxi.o(.text)
    __rt_heap_expand$2region                 0x00000f2d   Thumb Code     2  heapauxi.o(.text)
    _sys_exit                                0x00000f31   Thumb Code    16  sys_exit.o(.text)
    __I$use$semihosting                      0x00000f45   Thumb Code     0  use_no_semi.o(.text)
    __use_no_semihosting_swi                 0x00000f45   Thumb Code     2  use_no_semi.o(.text)
    _btod_d2e                                0x00000f47   Thumb Code    62  btod.o(CL$$btod_d2e)
    _d2e_denorm_low                          0x00000f85   Thumb Code    70  btod.o(CL$$btod_d2e_denorm_low)
    _d2e_norm_op1                            0x00000fcb   Thumb Code    96  btod.o(CL$$btod_d2e_norm_op1)
    __btod_div_common                        0x0000102b   Thumb Code   696  btod.o(CL$$btod_div_common)
    _e2e                                     0x00001363   Thumb Code   198  btod.o(CL$$btod_e2e)
    _btod_ediv                               0x00001429   Thumb Code    40  btod.o(CL$$btod_ediv)
    _btod_emul                               0x00001451   Thumb Code    40  btod.o(CL$$btod_emul)
    __btod_mult_common                       0x00001479   Thumb Code   580  btod.o(CL$$btod_mult_common)
    __ARM_fpclassify                         0x000016bd   Thumb Code    40  fpclassify.o(i.__ARM_fpclassify)
    _get_lc_numeric                          0x000016e5   Thumb Code    44  lc_numeric_c.o(locale$$code)
    __aeabi_d2f                              0x00001711   Thumb Code     0  d2f.o(x$fpl$d2f)
    _d2f                                     0x00001711   Thumb Code   142  d2f.o(x$fpl$d2f)
    __fpl_inf_d2f                            0x00001799   Thumb Code     0  d2f.o(x$fpl$d2f)
    __fpl_dcheck_NaN2                        0x000017a5   Thumb Code    10  dcheck.o(x$fpl$dcheck)
    __fpl_dcheck_NaN1                        0x000017b5   Thumb Code    10  dcheck1.o(x$fpl$dcheck1)
    __aeabi_ddiv                             0x000017c5   Thumb Code     0  ddiv.o(x$fpl$ddiv)
    _ddiv                                    0x000017c5   Thumb Code   428  ddiv.o(x$fpl$ddiv)
    __fpl_inf_ddiv                           0x00001939   Thumb Code     0  ddiv.o(x$fpl$ddiv)
    _ddiv_mantissas                          0x00001971   Thumb Code   324  ddiv.o(x$fpl$ddiv)
    __aeabi_i2d                              0x00001bc5   Thumb Code     0  dflt_clz.o(x$fpl$dflt)
    _dflt                                    0x00001bc5   Thumb Code    44  dflt_clz.o(x$fpl$dflt)
    __dflt_normalise                         0x00001bd3   Thumb Code     0  dflt_clz.o(x$fpl$dflt)
    __aeabi_dmul                             0x00001bf1   Thumb Code     0  dmul.o(x$fpl$dmul)
    _dmul                                    0x00001bf1   Thumb Code   440  dmul.o(x$fpl$dmul)
    __fpl_inf_dmul                           0x00001d7b   Thumb Code     0  dmul.o(x$fpl$dmul)
    __dunder                                 0x00001db9   Thumb Code   234  dunder.o(x$fpl$dunder)
    __dunder_d                               0x00001ea3   Thumb Code     2  dunder.o(x$fpl$dunder)
    __aeabi_f2d                              0x00001ea5   Thumb Code     0  f2d.o(x$fpl$f2d)
    _f2d                                     0x00001ea5   Thumb Code    76  f2d.o(x$fpl$f2d)
    __fpl_inf_f2d                            0x00001ee9   Thumb Code     0  f2d.o(x$fpl$f2d)
    __fpl_fcheck_NaN1                        0x00001ef5   Thumb Code     6  fcheck1.o(x$fpl$fcheck1)
    __funder                                 0x00001f01   Thumb Code   132  funder.o(x$fpl$funder)
    __funder_d                               0x00001f85   Thumb Code     2  funder.o(x$fpl$funder)
    _printf_fp_dec                           0x00001f87   Thumb Code     4  printf1.o(x$fpl$printf1)
    __fpl_return_NaN                         0x00001f8b   Thumb Code   100  retnan.o(x$fpl$retnan)
    __fpl_cmpreturn                          0x00001fef   Thumb Code    48  trapv.o(x$fpl$trapveneer)
    __I$use$fp                               0x0000201f   Thumb Code     0  usenofp.o(x$fpl$usenofp)
    Region$$Table$$Base                      0x000020c0   Number         0  anon$$obj.o(Region$$Table)
    Region$$Table$$Limit                     0x000020e0   Number         0  anon$$obj.o(Region$$Table)
    temp1                                    0x10000000   Data           4  an_lcd.o(.data)
    temp2                                    0x10000004   Data           4  an_lcd.o(.data)
    __libspace_start                         0x10000008   Data          96  libspace.o(.bss)
    __temporary_stack_top$libspace           0x10000068   Data           0  libspace.o(.bss)



==============================================================================

Memory Map of the image

  Image Entry point : 0x000000cd

  Load Region LR_IROM1 (Base: 0x00000000, Size: 0x00002104, Max: 0x00080000, ABSOLUTE)

    Execution Region ER_IROM1 (Base: 0x00000000, Size: 0x000020fc, Max: 0x00080000, ABSOLUTE)

    Base Addr    Size         Type   Attr      Idx    E Section Name        Object

    0x00000000   0x000000cc   Data   RO          277    RESET               startup_LPC17xx.o(start.lib)
    0x000000cc   0x00000008   Code   RO          113  * !!!main             __main.o(c_w.l)
    0x000000d4   0x00000034   Code   RO          368    !!!scatter          __scatter.o(c_w.l)
    0x00000108   0x0000001a   Code   RO          370    !!handler_copy      __scatter_copy.o(c_w.l)
    0x00000122   0x00000002   PAD
    0x00000124   0x0000001c   Code   RO          372    !!handler_zi        __scatter_zi.o(c_w.l)
    0x00000140   0x00000000   Code   RO          112    .ARM.Collect$$_printf_percent$$00000000  _printf_percent.o(c_w.l)
    0x00000140   0x00000006   Code   RO          111    .ARM.Collect$$_printf_percent$$00000003  _printf_f.o(c_w.l)
    0x00000146   0x00000004   Code   RO          139    .ARM.Collect$$_printf_percent$$00000017  _printf_percent_end.o(c_w.l)
    0x0000014a   0x00000006   Code   RO          231    .ARM.Collect$$libinit$$00000000  libinit.o(c_w.l)
    0x00000150   0x00000000   Code   RO          234    .ARM.Collect$$libinit$$00000006  libinit2.o(c_w.l)
    0x00000150   0x00000000   Code   RO          236    .ARM.Collect$$libinit$$00000008  libinit2.o(c_w.l)
    0x00000150   0x00000000   Code   RO          238    .ARM.Collect$$libinit$$0000000A  libinit2.o(c_w.l)
    0x00000150   0x00000006   Code   RO          239    .ARM.Collect$$libinit$$0000000B  libinit2.o(c_w.l)
    0x00000156   0x00000000   Code   RO          241    .ARM.Collect$$libinit$$0000000D  libinit2.o(c_w.l)
    0x00000156   0x00000000   Code   RO          243    .ARM.Collect$$libinit$$0000000F  libinit2.o(c_w.l)
    0x00000156   0x00000000   Code   RO          245    .ARM.Collect$$libinit$$00000011  libinit2.o(c_w.l)
    0x00000156   0x0000000a   Code   RO          246    .ARM.Collect$$libinit$$00000012  libinit2.o(c_w.l)
    0x00000160   0x00000000   Code   RO          247    .ARM.Collect$$libinit$$00000013  libinit2.o(c_w.l)
    0x00000160   0x00000000   Code   RO          249    .ARM.Collect$$libinit$$00000015  libinit2.o(c_w.l)
    0x00000160   0x00000000   Code   RO          251    .ARM.Collect$$libinit$$00000017  libinit2.o(c_w.l)
    0x00000160   0x00000000   Code   RO          253    .ARM.Collect$$libinit$$00000019  libinit2.o(c_w.l)
    0x00000160   0x00000000   Code   RO          255    .ARM.Collect$$libinit$$0000001B  libinit2.o(c_w.l)
    0x00000160   0x00000000   Code   RO          257    .ARM.Collect$$libinit$$0000001D  libinit2.o(c_w.l)
    0x00000160   0x00000000   Code   RO          259    .ARM.Collect$$libinit$$0000001F  libinit2.o(c_w.l)
    0x00000160   0x00000000   Code   RO          261    .ARM.Collect$$libinit$$00000021  libinit2.o(c_w.l)
    0x00000160   0x00000000   Code   RO          265    .ARM.Collect$$libinit$$00000028  libinit2.o(c_w.l)
    0x00000160   0x00000000   Code   RO          267    .ARM.Collect$$libinit$$0000002A  libinit2.o(c_w.l)
    0x00000160   0x00000000   Code   RO          269    .ARM.Collect$$libinit$$0000002C  libinit2.o(c_w.l)
    0x00000160   0x00000000   Code   RO          271    .ARM.Collect$$libinit$$0000002E  libinit2.o(c_w.l)
    0x00000160   0x00000002   Code   RO          272    .ARM.Collect$$libinit$$0000002F  libinit2.o(c_w.l)
    0x00000162   0x00000002   Code   RO          318    .ARM.Collect$$libshutdown$$00000000  libshutdown.o(c_w.l)
    0x00000164   0x00000000   Code   RO          329    .ARM.Collect$$libshutdown$$00000003  libshutdown2.o(c_w.l)
    0x00000164   0x00000000   Code   RO          332    .ARM.Collect$$libshutdown$$00000006  libshutdown2.o(c_w.l)
    0x00000164   0x00000000   Code   RO          335    .ARM.Collect$$libshutdown$$00000009  libshutdown2.o(c_w.l)
    0x00000164   0x00000000   Code   RO          337    .ARM.Collect$$libshutdown$$0000000B  libshutdown2.o(c_w.l)
    0x00000164   0x00000000   Code   RO          340    .ARM.Collect$$libshutdown$$0000000E  libshutdown2.o(c_w.l)
    0x00000164   0x00000002   Code   RO          341    .ARM.Collect$$libshutdown$$0000000F  libshutdown2.o(c_w.l)
    0x00000166   0x00000000   Code   RO          131    .ARM.Collect$$rtentry$$00000000  rtentry.o(c_w.l)
    0x00000166   0x00000000   Code   RO          152    .ARM.Collect$$rtentry$$00000002  rtentry2.o(c_w.l)
    0x00000166   0x00000006   Code   RO          167    .ARM.Collect$$rtentry$$00000004  rtentry4.o(c_w.l)
    0x0000016c   0x00000000   Code   RO          154    .ARM.Collect$$rtentry$$00000009  rtentry2.o(c_w.l)
    0x0000016c   0x00000004   Code   RO          155    .ARM.Collect$$rtentry$$0000000A  rtentry2.o(c_w.l)
    0x00000170   0x00000000   Code   RO          157    .ARM.Collect$$rtentry$$0000000C  rtentry2.o(c_w.l)
    0x00000170   0x00000008   Code   RO          158    .ARM.Collect$$rtentry$$0000000D  rtentry2.o(c_w.l)
    0x00000178   0x00000000   Code   RO          286    .ARM.Collect$$rtexit$$00000000  rtexit.o(c_w.l)
    0x00000178   0x00000000   Code   RO          293    .ARM.Collect$$rtexit$$00000002  rtexit2.o(c_w.l)
    0x00000178   0x00000004   Code   RO          294    .ARM.Collect$$rtexit$$00000003  rtexit2.o(c_w.l)
    0x0000017c   0x00000004   Code   RO          295    .ARM.Collect$$rtexit$$00000004  rtexit2.o(c_w.l)
    0x00000180   0x00000164   Code   RO            1    .text               test1.o
    0x000002e4   0x0000000a   Code   RO          137    .text               _sputc.o(c_w.l)
    0x000002ee   0x00000002   PAD
    0x000002f0   0x0000000c   Code   RO          172    .text               rt_locale_intlibspace.o(c_w.l)
    0x000002fc   0x00000004   Code   RO          278    .ARM.__at_0x02FC    startup_LPC17xx.o(start.lib)
    0x00000300   0x000001fc   Code   RO           40    .text               an_lcd.o
    0x000004fc   0x0000010c   Code   RO           64    .text               ocf_lpc176x_lib.o
    0x00000608   0x00000028   Code   RO           87    .text               noretval__2sprintf.o(c_w.l)
    0x00000630   0x0000004c   Code   RO           91    .text               _printf_pad.o(c_w.l)
    0x0000067c   0x00000120   Code   RO          101    .text               __printf_wp.o(c_w.l)
    0x0000079c   0x00000448   Code   RO          133    .text               _printf_fp_dec.o(c_w.l)
    0x00000be4   0x00000030   Code   RO          135    .text               _printf_char_common.o(c_w.l)
    0x00000c14   0x0000008a   Code   RO          174    .text               lludiv10.o(c_w.l)
    0x00000c9e   0x00000002   PAD
    0x00000ca0   0x0000007c   Code   RO          176    .text               _printf_fp_infnan.o(c_w.l)
    0x00000d1c   0x000000d0   Code   RO          180    .text               bigflt0.o(c_w.l)
    0x00000dec   0x00000010   Code   RO          208    .text               rtudiv10.o(c_w.l)
    0x00000dfc   0x00000008   Code   RO          216    .text               libspace.o(c_w.l)
    0x00000e04   0x0000004a   Code   RO          219    .text               sys_stackheap_outer.o(c_w.l)
    0x00000e4e   0x0000000c   Code   RO          221    .text               exit.o(c_w.l)
    0x00000e5a   0x00000002   PAD
    0x00000e5c   0x00000080   Code   RO          223    .text               strcmpv7m.o(c_w.l)
    0x00000edc   0x0000004c   Code   RO          279    .text               startup_LPC17xx.o(start.lib)
    0x00000f28   0x00000006   Code   RO          300    .text               heapauxi.o(c_w.l)
    0x00000f2e   0x00000002   PAD
    0x00000f30   0x00000014   Code   RO          308    .text               sys_exit.o(c_w.l)
    0x00000f44   0x00000002   Code   RO          319    .text               use_no_semi.o(c_w.l)
    0x00000f46   0x0000003e   Code   RO          183    CL$$btod_d2e        btod.o(c_w.l)
    0x00000f84   0x00000046   Code   RO          185    CL$$btod_d2e_denorm_low  btod.o(c_w.l)
    0x00000fca   0x00000060   Code   RO          184    CL$$btod_d2e_norm_op1  btod.o(c_w.l)
    0x0000102a   0x00000338   Code   RO          193    CL$$btod_div_common  btod.o(c_w.l)
    0x00001362   0x000000c6   Code   RO          190    CL$$btod_e2e        btod.o(c_w.l)
    0x00001428   0x00000028   Code   RO          187    CL$$btod_ediv       btod.o(c_w.l)
    0x00001450   0x00000028   Code   RO          186    CL$$btod_emul       btod.o(c_w.l)
    0x00001478   0x00000244   Code   RO          192    CL$$btod_mult_common  btod.o(c_w.l)
    0x000016bc   0x00000028   Code   RO          214    i.__ARM_fpclassify  fpclassify.o(m_ws.l)
    0x000016e4   0x0000002c   Code   RO          206    locale$$code        lc_numeric_c.o(c_w.l)
    0x00001710   0x00000094   Code   RO          115    x$fpl$d2f           d2f.o(fz_ws.l)
    0x000017a4   0x00000010   Code   RO          140    x$fpl$dcheck        dcheck.o(fz_ws.l)
    0x000017b4   0x00000010   Code   RO          142    x$fpl$dcheck1       dcheck1.o(fz_ws.l)
    0x000017c4   0x00000400   Code   RO          118    x$fpl$ddiv          ddiv.o(fz_ws.l)
    0x00001bc4   0x0000002c   Code   RO          122    x$fpl$dflt          dflt_clz.o(fz_ws.l)
    0x00001bf0   0x000001c8   Code   RO          125    x$fpl$dmul          dmul.o(fz_ws.l)
    0x00001db8   0x000000ec   Code   RO          144    x$fpl$dunder        dunder.o(fz_ws.l)
    0x00001ea4   0x00000050   Code   RO          127    x$fpl$f2d           f2d.o(fz_ws.l)
    0x00001ef4   0x0000000c   Code   RO          146    x$fpl$fcheck1       fcheck1.o(fz_ws.l)
    0x00001f00   0x00000086   Code   RO          148    x$fpl$funder        funder.o(fz_ws.l)
    0x00001f86   0x00000004   Code   RO          129    x$fpl$printf1       printf1.o(fz_ws.l)
    0x00001f8a   0x00000064   Code   RO          212    x$fpl$retnan        retnan.o(fz_ws.l)
    0x00001fee   0x00000030   Code   RO          273    x$fpl$trapveneer    trapv.o(fz_ws.l)
    0x0000201e   0x00000000   Code   RO          150    x$fpl$usenofp       usenofp.o(fz_ws.l)
    0x0000201e   0x00000002   PAD
    0x00002020   0x0000000b   Data   RO            2    .constdata          test1.o
    0x0000202b   0x00000001   PAD
    0x0000202c   0x00000094   Data   RO          181    .constdata          bigflt0.o(c_w.l)
    0x000020c0   0x00000020   Data   RO          366    Region$$Table       anon$$obj.o
    0x000020e0   0x0000001c   Data   RO          205    locale$$data        lc_numeric_c.o(c_w.l)


    Execution Region RW_IRAM1 (Base: 0x10000000, Size: 0x00000268, Max: 0x00008000, ABSOLUTE)

    Base Addr    Size         Type   Attr      Idx    E Section Name        Object

    0x10000000   0x00000008   Data   RW           41    .data               an_lcd.o
    0x10000008   0x00000060   Zero   RW          217    .bss                libspace.o(c_w.l)
    0x10000068   0x00000000   Zero   RW          276    HEAP                startup_LPC17xx.o(start.lib)
    0x10000068   0x00000200   Zero   RW          275    STACK               startup_LPC17xx.o(start.lib)


==============================================================================

Image component sizes


      Code (inc. data)   RO Data    RW Data    ZI Data      Debug   Object Name

       508         12          0          8          0       1878   an_lcd.o
       268         10          0          0          0       3292   ocf_lpc176x_lib.o
       356         52         11          0          0       2223   test1.o

    ----------------------------------------------------------------------
      1132         74         44          8          0       7393   Object Totals
         0          0         32          0          0          0   (incl. Generated)
         0          0          1          0          0          3   (incl. Padding)

    ----------------------------------------------------------------------

      Code (inc. data)   RO Data    RW Data    ZI Data      Debug   Library Member Name

         8          0          0          0          0         68   __main.o
       288          0          0          0          0         88   __printf_wp.o
        52          8          0          0          0          0   __scatter.o
        26          0          0          0          0          0   __scatter_copy.o
        28          0          0          0          0          0   __scatter_zi.o
        48          4          0          0          0         96   _printf_char_common.o
         6          0          0          0          0          0   _printf_f.o
      1096          0          0          0          0        204   _printf_fp_dec.o
       124         16          0          0          0         84   _printf_fp_infnan.o
        76          0          0          0          0        104   _printf_pad.o
         0          0          0          0          0          0   _printf_percent.o
         4          0          0          0          0          0   _printf_percent_end.o
        10          0          0          0          0         68   _sputc.o
       208          6        148          0          0         92   bigflt0.o
      1910        128          0          0          0        660   btod.o
       148          6          0          0          0         68   d2f.o
        16          6          0          0          0         68   dcheck.o
        16          6          0          0          0         68   dcheck1.o
      1024        272          0          0          0        160   ddiv.o
        44          0          0          0          0         68   dflt_clz.o
       456         16          0          0          0        100   dmul.o
       236          0          0          0          0         92   dunder.o
        12          0          0          0          0         68   exit.o
        80          4          0          0          0         68   f2d.o
        12          6          0          0          0         68   fcheck1.o
        40          0          0          0          0         68   fpclassify.o
       134          0          0          0          0         84   funder.o
         6          0          0          0          0        148   heapauxi.o
        44         10         28          0          0         76   lc_numeric_c.o
         6          0          0          0          0          0   libinit.o
        18          0          0          0          0          0   libinit2.o
         2          0          0          0          0          0   libshutdown.o
         2          0          0          0          0          0   libshutdown2.o
         8          4          0          0         96         68   libspace.o
       138          0          0          0          0         76   lludiv10.o
        40          6          0          0          0         80   noretval__2sprintf.o
         4          0          0          0          0         68   printf1.o
       100          0          0          0          0         68   retnan.o
        12          6          0          0          0         68   rt_locale_intlibspace.o
         0          0          0          0          0          0   rtentry.o
        12          0          0          0          0          0   rtentry2.o
         6          0          0          0          0          0   rtentry4.o
         0          0          0          0          0          0   rtexit.o
         8          0          0          0          0          0   rtexit2.o
        16          0          0          0          0         68   rtudiv10.o
        80         30        204          0        512        892   startup_LPC17xx.o
       128          2          0          0          0         68   strcmpv7m.o
        20         10          0          0          0         68   sys_exit.o
        74          0          0          0          0         80   sys_stackheap_outer.o
        48          0          0          0          0         68   trapv.o
         2          0          0          0          0         68   use_no_semi.o
         0          0          0          0          0          0   usenofp.o

    ----------------------------------------------------------------------
      6888        546        380          0        608       4408   Library Totals
        12          0          0          0          0          0   (incl. Padding)

    ----------------------------------------------------------------------

      Code (inc. data)   RO Data    RW Data    ZI Data      Debug   Library Name

      4438        200        176          0         96       2400   c_w.l
      2318        316          0          0          0       1048   fz_ws.l
        40          0          0          0          0         68   m_ws.l
        80         30        204          0        512        892   start.lib

    ----------------------------------------------------------------------
      6888        546        380          0        608       4408   Library Totals

    ----------------------------------------------------------------------

==============================================================================


      Code (inc. data)   RO Data    RW Data    ZI Data      Debug   

      8020        620        424          8        608       9504   Grand Totals
      8020        620        424          8        608       9504   ELF Image Totals
      8020        620        424          8          0          0   ROM Totals

==============================================================================

    Total RO  Size (Code + RO Data)                 8444 (   8.25kB)
    Total RW  Size (RW Data + ZI Data)               616 (   0.60kB)
    Total ROM Size (Code + RO Data + RW Data)       8452 (   8.25kB)

==============================================================================

